
> stellar-payment-api-backend@0.1.0 test
> vitest run


 RUN  v2.1.9 /home/nursca/Stellar_Payment_API/backend

 ↓ src/lib/rls.test.js (5 tests | 5 skipped)
 ✓ src/lib/create-payment-rate-limit.test.js (10 tests) 57ms
 ✓ src/lib/email.test.js (9 tests) 68ms
 ❯ src/lib/stellar.test.js (24 tests | 1 failed) 161ms
   × findMatchingPayment > matches return memo type 67ms
     → expected { id: 'op-1', …(2) } to deeply equal { id: 'op-1', …(1) }
 ❯ src/lib/request-schemas.test.js (26 tests | 5 failed) 229ms
   × paymentZodSchema > rejects a return memo that is neither valid id nor 64 hex characters 51ms
     → expected [Function] to throw an error
   × paymentZodSchema > rejects a hash memo that is not 64 hex characters 7ms
     → expected [Function] to throw an error
   × paymentZodSchema > rejects a non-numeric id memo 7ms
     → expected [Function] to throw an error
   × v2PaymentSessionSchema > accepts a valid return memo as unsigned 64-bit integer 4ms
     → Cannot read properties of undefined (reading 'parse')
   × v2PaymentSessionSchema > rejects invalid return memo that is neither uint64 id nor 64-char hash 56ms
     → expected [Function] to throw error including 'memo must be a valid unsigned 64-bit …' but got 'Cannot read properties of undefined (…'
 ❯ src/routes/merchants.test.js (2 tests | 2 failed) 1768ms
   × POST /api/merchants/rotate-webhook-secret > rotates secret with default 24h grace period 1753ms
     → expected "spy" to be called with arguments: [ 'merchants' ]

Received: 



Number of calls: 0

   × POST /api/merchants/rotate-webhook-secret > uses request grace period override 9ms
     → Cannot read properties of undefined (reading '0')
stderr | src/lib/audit.test.js > logLoginAttempt > does not throw when the DB query fails
Failed to write audit log: DB connection lost

 ✓ src/lib/audit.test.js (5 tests) 47ms
 ✓ src/lib/webhooks.test.js (4 tests) 35ms
 ✓ src/lib/api-usage.test.js (4 tests) 113ms
 ✓ src/lib/rate-limit.test.js (3 tests) 55ms
stderr | src/lib/sep10-auth.test.js
⚠️  SEP10_SERVER_SIGNING_KEY not set — SEP-0010 auth disabled

 ✓ src/lib/sep10-auth.test.js (4 tests) 189ms
stdout | src/lib/log-retention.test.js > purgeWebhookLogs > deletes old rows in batches until empty and returns totals
[log-retention] Purge complete for webhook_delivery_logs: deleted_rows=3 duration_ms=2 duration_sec=0.00

 ✓ src/lib/log-retention.test.js (2 tests) 40ms
 ❯ tests/integration/prometheus.test.js (0 test)
 ❯ tests/integration/health.test.js (0 test)
 ❯ tests/integration/auth.test.js (0 test)
stderr | src/lib/auth.test.js > createApiKeyAuth > continues auth flow when usage tracking fails
Failed to record merchant API usage: redis down

 ❯ src/lib/auth.test.js (9 tests | 1 failed) 9707ms
   ✓ hashPassword / verifyPassword > produces a bcrypt hash distinct from the plaintext 2139ms
   ✓ hashPassword / verifyPassword > verifyPassword returns true for the correct password 3365ms
   ✓ hashPassword / verifyPassword > verifyPassword returns false for a wrong password 2450ms
   ✓ hashPassword / verifyPassword > two hashes of the same password differ (unique salts) 1702ms
   × createApiKeyAuth > rejects requests with an invalid API key 24ms
     → expected "spy" to be called with arguments: [ Array(1) ]

Received: 

  1st spy call:

  Array [
-   "id, email, business_name, notification_email, branding_config, merchant_settings, webhook_secret, webhook_secret_old, webhook_secret_expiry, payment_limits",
+   "id, email, business_name, notification_email, branding_config, merchant_settings, webhook_secret, webhook_secret_old, webhook_secret_expiry, webhook_version, payment_limits",
  ]


Number of calls: 1


⎯⎯⎯⎯⎯⎯ Failed Suites 3 ⎯⎯⎯⎯⎯⎯⎯

 FAIL  tests/integration/auth.test.js [ tests/integration/auth.test.js ]
 FAIL  tests/integration/health.test.js [ tests/integration/health.test.js ]
 FAIL  tests/integration/prometheus.test.js [ tests/integration/prometheus.test.js ]
Error: Missing SUPABASE_URL or SUPABASE_SERVICE_ROLE_KEY
 ❯ src/lib/supabase.js:8:9
      6| 
      7| if (!supabaseUrl || !supabaseServiceKey) {
      8|   throw new Error("Missing SUPABASE_URL or SUPABASE_SERVICE_ROLE_KEY");
       |         ^
      9| }
     10| 
 ❯ src/routes/payments.js:6:31

⎯⎯⎯⎯⎯⎯⎯⎯⎯⎯⎯⎯⎯⎯⎯⎯⎯⎯⎯⎯⎯⎯⎯[1/12]⎯

⎯⎯⎯⎯⎯⎯⎯ Failed Tests 9 ⎯⎯⎯⎯⎯⎯⎯

 FAIL  src/lib/auth.test.js > createApiKeyAuth > rejects requests with an invalid API key
AssertionError: expected "spy" to be called with arguments: [ Array(1) ]

Received: 

  1st spy call:

  Array [
-   "id, email, business_name, notification_email, branding_config, merchant_settings, webhook_secret, webhook_secret_old, webhook_secret_expiry, payment_limits",
+   "id, email, business_name, notification_email, branding_config, merchant_settings, webhook_secret, webhook_secret_old, webhook_secret_expiry, webhook_version, payment_limits",
  ]


Number of calls: 1

 ❯ src/lib/auth.test.js:85:20
     83| 
     84|     expect(from).toHaveBeenCalledWith("merchants");
     85|     expect(select).toHaveBeenCalledWith(
       |                    ^
     86|       "id, email, business_name, notification_email, branding_config, …
     87|     );

⎯⎯⎯⎯⎯⎯⎯⎯⎯⎯⎯⎯⎯⎯⎯⎯⎯⎯⎯⎯⎯⎯⎯[2/12]⎯

 FAIL  src/lib/request-schemas.test.js > paymentZodSchema > rejects a return memo that is neither valid id nor 64 hex characters
AssertionError: expected [Function] to throw an error

- Expected: 
null

+ Received: 
undefined

 ❯ src/lib/request-schemas.test.js:116:7
    114|         memo_type: "return",
    115|       })
    116|     ).toThrowError(
       |       ^
    117|       "memo must be a valid unsigned 64-bit integer or a 32-byte hex s…
    118|     );

⎯⎯⎯⎯⎯⎯⎯⎯⎯⎯⎯⎯⎯⎯⎯⎯⎯⎯⎯⎯⎯⎯⎯[3/12]⎯

 FAIL  src/lib/request-schemas.test.js > paymentZodSchema > rejects a hash memo that is not 64 hex characters
AssertionError: expected [Function] to throw an error

- Expected: 
null

+ Received: 
undefined

 ❯ src/lib/request-schemas.test.js:142:7
    140|         memo_type: "hash",
    141|       })
    142|     ).toThrowError("memo must be a 32-byte hex string (64 characters) …
       |       ^
    143|   });
    144| 

⎯⎯⎯⎯⎯⎯⎯⎯⎯⎯⎯⎯⎯⎯⎯⎯⎯⎯⎯⎯⎯⎯⎯[4/12]⎯

 FAIL  src/lib/request-schemas.test.js > paymentZodSchema > rejects a non-numeric id memo
AssertionError: expected [Function] to throw an error

- Expected: 
null

+ Received: 
undefined

 ❯ src/lib/request-schemas.test.js:165:7
    163|         memo_type: "id",
    164|       })
    165|     ).toThrowError("memo must be a valid unsigned 64-bit integer when …
       |       ^
    166|   });
    167| 

⎯⎯⎯⎯⎯⎯⎯⎯⎯⎯⎯⎯⎯⎯⎯⎯⎯⎯⎯⎯⎯⎯⎯[5/12]⎯

 FAIL  src/lib/request-schemas.test.js > v2PaymentSessionSchema > accepts a valid return memo as unsigned 64-bit integer
TypeError: Cannot read properties of undefined (reading 'parse')
 ❯ src/lib/request-schemas.test.js:301:43
    299| describe("v2PaymentSessionSchema", () => {
    300|   it("accepts a valid return memo as unsigned 64-bit integer", () => {
    301|     const result = v2PaymentSessionSchema.parse({
       |                                           ^
    302|       amount: 10,
    303|       asset: "XLM",

⎯⎯⎯⎯⎯⎯⎯⎯⎯⎯⎯⎯⎯⎯⎯⎯⎯⎯⎯⎯⎯⎯⎯[6/12]⎯

 FAIL  src/lib/request-schemas.test.js > v2PaymentSessionSchema > rejects invalid return memo that is neither uint64 id nor 64-char hash
AssertionError: expected [Function] to throw error including 'memo must be a valid unsigned 64-bit …' but got 'Cannot read properties of undefined (…'

Expected: "memo must be a valid unsigned 64-bit integer or a 32-byte hex string (64 characters) when memo_type is return"
Received: "Cannot read properties of undefined (reading 'parse')"

 ❯ src/lib/request-schemas.test.js:328:7
    326|         },
    327|       })
    328|     ).toThrowError(
       |       ^
    329|       "memo must be a valid unsigned 64-bit integer or a 32-byte hex s…
    330|     );

⎯⎯⎯⎯⎯⎯⎯⎯⎯⎯⎯⎯⎯⎯⎯⎯⎯⎯⎯⎯⎯⎯⎯[7/12]⎯

 FAIL  src/lib/stellar.test.js > findMatchingPayment > matches return memo type
AssertionError: expected { id: 'op-1', …(2) } to deeply equal { id: 'op-1', …(1) }

- Expected
+ Received

  Object {
    "id": "op-1",
+   "is_multisig": false,
    "transaction_hash": "tx-abc123",
  }

 ❯ src/lib/stellar.test.js:320:20
    318|     })
    319| 
    320|     expect(result).toEqual({ id: 'op-1', transaction_hash: 'tx-abc123'…
       |                    ^
    321|   })
    322| 

⎯⎯⎯⎯⎯⎯⎯⎯⎯⎯⎯⎯⎯⎯⎯⎯⎯⎯⎯⎯⎯⎯⎯[8/12]⎯

 FAIL  src/routes/merchants.test.js > POST /api/merchants/rotate-webhook-secret > rotates secret with default 24h grace period
AssertionError: expected "spy" to be called with arguments: [ 'merchants' ]

Received: 



Number of calls: 0

 ❯ src/routes/merchants.test.js:58:18
     56|     const nowAfter = Date.now();
     57| 
     58|     expect(from).toHaveBeenCalledWith("merchants");
       |                  ^
     59|     expect(update).toHaveBeenCalledTimes(1);
     60| 

⎯⎯⎯⎯⎯⎯⎯⎯⎯⎯⎯⎯⎯⎯⎯⎯⎯⎯⎯⎯⎯⎯⎯[9/12]⎯

 FAIL  src/routes/merchants.test.js > POST /api/merchants/rotate-webhook-secret > uses request grace period override
TypeError: Cannot read properties of undefined (reading '0')
 ❯ src/routes/merchants.test.js:99:47
     97|     const nowAfter = Date.now();
     98| 
     99|     const updatePayload = update.mock.calls[0][0];
       |                                               ^
    100|     const expiry = new Date(updatePayload.webhook_secret_expiry).getTi…
    101|     const lowerBound = nowBefore + 2 * 60 * 60 * 1000;

⎯⎯⎯⎯⎯⎯⎯⎯⎯⎯⎯⎯⎯⎯⎯⎯⎯⎯⎯⎯⎯⎯[10/12]⎯

 Test Files  7 failed | 8 passed | 1 skipped (16)
      Tests  9 failed | 93 passed | 5 skipped (107)
   Start at  19:29:54
   Duration  13.53s (transform 2.13s, setup 0ms, collect 8.27s, tests 12.47s, environment 22ms, prepare 8.59s)

